error TS5083: Cannot read file 'C:/Users/janak/OneDrive/Desktop/pro/cyber-arena/frontend/tsconfig.json'.
