======================================================================
  CYBERARENA COMPREHENSIVE MODE & SCENARIO TEST SUITE
======================================================================

======================================================================
TEST 1: Boot Stability (all 16 combos)
======================================================================
Initial state - Actions: 2, Hypotheses: 1
Available action IDs: ['act_gather_evidence', 'act_focused_attack_web_server']
  [PASS] guided_simulation ├ù level_0_tutorial ΓÇö booted OK
Initial state - Actions: 5, Hypotheses: 3
Available action IDs: ['act_map_boundaries', 'act_trigger_exception', 'act_corrupt_session', 'act_observe_signals', 'act_focused_attack_web_server']
  [PASS] guided_simulation ├ù input_trust_failures ΓÇö booted OK
Initial state - Actions: 5, Hypotheses: 3
Available action IDs: ['act_map_boundaries', 'act_trigger_exception', 'act_corrupt_session', 'act_observe_signals', 'act_focused_attack_web_server']
  [PASS] guided_simulation ├ù linux_privesc ΓÇö booted OK
Initial state - Actions: 5, Hypotheses: 3
Available action IDs: ['act_map_boundaries', 'act_trigger_exception', 'act_corrupt_session', 'act_observe_signals', 'act_focused_attack_web_server']
  [PASS] guided_simulation ├ù network_breach ΓÇö booted OK
Initial state - Actions: 2, Hypotheses: 1
Available action IDs: ['act_gather_evidence', 'act_focused_attack_web_server']
  [PASS] attacker_campaign ├ù level_0_tutorial ΓÇö booted OK
Initial state - Actions: 5, Hypotheses: 3
Available action IDs: ['act_slow_drip', 'act_identify_outliers', 'act_noise_flood', 'act_execution_jump', 'act_focused_attack_web_server']
  [PASS] attacker_campaign ├ù input_trust_failures ΓÇö booted OK
Initial state - Actions: 5, Hypotheses: 3
Available action IDs: ['act_slow_drip', 'act_identify_outliers', 'act_noise_flood', 'act_execution_jump', 'act_focused_attack_web_server']
  [PASS] attacker_campaign ├ù linux_privesc ΓÇö booted OK
Initial state - Actions: 5, Hypotheses: 3
Available action IDs: ['act_slow_drip', 'act_identify_outliers', 'act_noise_flood', 'act_execution_jump', 'act_focused_attack_web_server']
  [PASS] attacker_campaign ├ù network_breach ΓÇö booted OK
Initial state - Actions: 2, Hypotheses: 1
Available action IDs: ['act_gather_evidence', 'act_focused_attack_web_server']
  [PASS] defender_campaign ├ù level_0_tutorial ΓÇö booted OK
Initial state - Actions: 5, Hypotheses: 3
Available action IDs: ['act_audit_cron', 'act_traffic_shaping', 'act_quarantine_web', 'act_deep_forensics', 'act_focused_attack_web_server']
  [PASS] defender_campaign ├ù input_trust_failures ΓÇö booted OK
Initial state - Actions: 5, Hypotheses: 3
Available action IDs: ['act_audit_cron', 'act_traffic_shaping', 'act_quarantine_web', 'act_deep_forensics', 'act_focused_attack_web_server']
  [PASS] defender_campaign ├ù linux_privesc ΓÇö booted OK
Initial state - Actions: 5, Hypotheses: 3
Available action IDs: ['act_audit_cron', 'act_traffic_shaping', 'act_quarantine_web', 'act_deep_forensics', 'act_focused_attack_web_server']
  [PASS] defender_campaign ├ù network_breach ΓÇö booted OK
Initial state - Actions: 2, Hypotheses: 1
Available action IDs: ['act_gather_evidence', 'act_focused_attack_web_server']
  [PASS] playground ├ù level_0_tutorial ΓÇö booted OK
Initial state - Actions: 4, Hypotheses: 1
Available action IDs: ['act_fuzz_all', 'act_bypass_controls', 'act_overload_backend', 'act_focused_attack_web_server']
  [PASS] playground ├ù input_trust_failures ΓÇö booted OK
Initial state - Actions: 4, Hypotheses: 1
Available action IDs: ['act_fuzz_all', 'act_bypass_controls', 'act_overload_backend', 'act_focused_attack_web_server']
  [PASS] playground ├ù linux_privesc ΓÇö booted OK
Initial state - Actions: 4, Hypotheses: 1
Available action IDs: ['act_fuzz_all', 'act_bypass_controls', 'act_overload_backend', 'act_focused_attack_web_server']
  [PASS] playground ├ù network_breach ΓÇö booted OK

======================================================================
TEST 2: Content Quality (actions + hypotheses present)
======================================================================
Initial state - Actions: 2, Hypotheses: 1
Available action IDs: ['act_gather_evidence', 'act_focused_attack_web_server']
  [PASS] guided_simulation ├ù level_0_tutorial ΓÇö 2 actions, 1 hypotheses
Initial state - Actions: 5, Hypotheses: 3
Available action IDs: ['act_map_boundaries', 'act_trigger_exception', 'act_corrupt_session', 'act_observe_signals', 'act_focused_attack_web_server']
  [PASS] guided_simulation ├ù input_trust_failures ΓÇö 5 actions, 3 hypotheses
Initial state - Actions: 5, Hypotheses: 3
Available action IDs: ['act_map_boundaries', 'act_trigger_exception', 'act_corrupt_session', 'act_observe_signals', 'act_focused_attack_web_server']
  [PASS] guided_simulation ├ù linux_privesc ΓÇö 5 actions, 3 hypotheses
Initial state - Actions: 5, Hypotheses: 3
Available action IDs: ['act_map_boundaries', 'act_trigger_exception', 'act_corrupt_session', 'act_observe_signals', 'act_focused_attack_web_server']
  [PASS] guided_simulation ├ù network_breach ΓÇö 5 actions, 3 hypotheses
Initial state - Actions: 2, Hypotheses: 1
Available action IDs: ['act_gather_evidence', 'act_focused_attack_web_server']
  [PASS] attacker_campaign ├ù level_0_tutorial ΓÇö 2 actions, 1 hypotheses
Initial state - Actions: 5, Hypotheses: 3
Available action IDs: ['act_slow_drip', 'act_identify_outliers', 'act_noise_flood', 'act_execution_jump', 'act_focused_attack_web_server']
  [PASS] attacker_campaign ├ù input_trust_failures ΓÇö 5 actions, 3 hypotheses
Initial state - Actions: 5, Hypotheses: 3
Available action IDs: ['act_slow_drip', 'act_identify_outliers', 'act_noise_flood', 'act_execution_jump', 'act_focused_attack_web_server']
  [PASS] attacker_campaign ├ù linux_privesc ΓÇö 5 actions, 3 hypotheses
Initial state - Actions: 5, Hypotheses: 3
Available action IDs: ['act_slow_drip', 'act_identify_outliers', 'act_noise_flood', 'act_execution_jump', 'act_focused_attack_web_server']
  [PASS] attacker_campaign ├ù network_breach ΓÇö 5 actions, 3 hypotheses
Initial state - Actions: 2, Hypotheses: 1
Available action IDs: ['act_gather_evidence', 'act_focused_attack_web_server']
  [PASS] defender_campaign ├ù level_0_tutorial ΓÇö 2 actions, 1 hypotheses
Initial state - Actions: 5, Hypotheses: 3
Available action IDs: ['act_audit_cron', 'act_traffic_shaping', 'act_quarantine_web', 'act_deep_forensics', 'act_focused_attack_web_server']
  [PASS] defender_campaign ├ù input_trust_failures ΓÇö 5 actions, 3 hypotheses
Initial state - Actions: 5, Hypotheses: 3
Available action IDs: ['act_audit_cron', 'act_traffic_shaping', 'act_quarantine_web', 'act_deep_forensics', 'act_focused_attack_web_server']
  [PASS] defender_campaign ├ù linux_privesc ΓÇö 5 actions, 3 hypotheses
Initial state - Actions: 5, Hypotheses: 3
Available action IDs: ['act_audit_cron', 'act_traffic_shaping', 'act_quarantine_web', 'act_deep_forensics', 'act_focused_attack_web_server']
  [PASS] defender_campaign ├ù network_breach ΓÇö 5 actions, 3 hypotheses
Initial state - Actions: 2, Hypotheses: 1
Available action IDs: ['act_gather_evidence', 'act_focused_attack_web_server']
  [PASS] playground ├ù level_0_tutorial ΓÇö 2 actions, 1 hypotheses
Initial state - Actions: 4, Hypotheses: 1
Available action IDs: ['act_fuzz_all', 'act_bypass_controls', 'act_overload_backend', 'act_focused_attack_web_server']
  [PASS] playground ├ù input_trust_failures ΓÇö 4 actions, 1 hypotheses
Initial state - Actions: 4, Hypotheses: 1
Available action IDs: ['act_fuzz_all', 'act_bypass_controls', 'act_overload_backend', 'act_focused_attack_web_server']
  [PASS] playground ├ù linux_privesc ΓÇö 4 actions, 1 hypotheses
Initial state - Actions: 4, Hypotheses: 1
Available action IDs: ['act_fuzz_all', 'act_bypass_controls', 'act_overload_backend', 'act_focused_attack_web_server']
  [PASS] playground ├ù network_breach ΓÇö 4 actions, 1 hypotheses

======================================================================
TEST 3: Winability (mode-by-mode)
======================================================================

  [Tutorial Scenario]
Initial state - Actions: 2, Hypotheses: 1
Available action IDs: ['act_gather_evidence', 'act_focused_attack_web_server']
Processing action: act_gather_evidence
After action - Actions: 2, Turn: 1
After action - Actions: 0, Turn: 1
  [PASS] guided_simulation ├ù level_0_tutorial ΓÇö VICTORY achieved
Initial state - Actions: 2, Hypotheses: 1
Available action IDs: ['act_gather_evidence', 'act_focused_attack_web_server']
Processing action: act_gather_evidence
After action - Actions: 2, Turn: 1
After action - Actions: 2, Turn: 1
  [WARN] attacker_campaign ├ù level_0_tutorial ΓÇö expected victory, got 'active'
Initial state - Actions: 2, Hypotheses: 1
Available action IDs: ['act_gather_evidence', 'act_focused_attack_web_server']
Processing action: act_gather_evidence
After action - Actions: 2, Turn: 1
After action - Actions: 2, Turn: 1
  [WARN] defender_campaign ├ù level_0_tutorial ΓÇö expected victory, got 'active'
Initial state - Actions: 2, Hypotheses: 1
Available action IDs: ['act_gather_evidence', 'act_focused_attack_web_server']
Processing action: act_gather_evidence
After action - Actions: 2, Turn: 1
After action - Actions: 2, Turn: 1
  [WARN] playground ├ù level_0_tutorial ΓÇö expected victory, got 'active'

  [Guided Simulation ├ù Broken Trust]
Initial state - Actions: 5, Hypotheses: 3
Available action IDs: ['act_map_boundaries', 'act_trigger_exception', 'act_corrupt_session', 'act_observe_signals', 'act_focused_attack_web_server']
Processing action: act_map_boundaries
After action - Actions: 5, Turn: 1
Processing action: act_trigger_exception
After action - Actions: 5, Turn: 2
Processing action: act_corrupt_session
After action - Actions: 5, Turn: 3
After action - Actions: 5, Turn: 3
After action - Actions: 0, Turn: 3
  [PASS] guided_simulation ├ù input_trust_failures ΓÇö VICTORY after both core hyps

  [Attacker Campaign ├ù Broken Trust]
Initial state - Actions: 5, Hypotheses: 3
Available action IDs: ['act_slow_drip', 'act_identify_outliers', 'act_noise_flood', 'act_execution_jump', 'act_focused_attack_web_server']
Processing action: act_noise_flood
After action - Actions: 5, Turn: 1
  [FAIL] attacker_campaign ├ù input_trust_failures ΓÇö expected terminal state, got 'active'

  [Defender Campaign ├ù Broken Trust]
Initial state - Actions: 5, Hypotheses: 3
Available action IDs: ['act_audit_cron', 'act_traffic_shaping', 'act_quarantine_web', 'act_deep_forensics', 'act_focused_attack_web_server']
Processing action: act_audit_cron
After action - Actions: 5, Turn: 1
After action - Actions: 0, Turn: 1
  [PASS] defender_campaign ├ù input_trust_failures ΓÇö VICTORY

  [Playground ├ù Broken Trust]
Initial state - Actions: 4, Hypotheses: 1
Available action IDs: ['act_fuzz_all', 'act_bypass_controls', 'act_overload_backend', 'act_focused_attack_web_server']
Processing action: act_fuzz_all
After action - Actions: 4, Turn: 1
  [PASS] playground ├ù input_trust_failures ΓÇö stays ACTIVE (no auto-end, correct)

======================================================================
TEST 4: Structural Quality (fallback detection)
======================================================================
Initial state - Actions: 5, Hypotheses: 3
Available action IDs: ['act_map_boundaries', 'act_trigger_exception', 'act_corrupt_session', 'act_observe_signals', 'act_focused_attack_web_server']
  [PASS] guided_simulation ├ù linux_privesc ΓÇö has unique scenario name: 'Operation: Glass Ceiling'
Initial state - Actions: 5, Hypotheses: 3
Available action IDs: ['act_slow_drip', 'act_identify_outliers', 'act_noise_flood', 'act_execution_jump', 'act_focused_attack_web_server']
  [PASS] attacker_campaign ├ù linux_privesc ΓÇö has unique scenario name: 'Operation: Glass Ceiling'
Initial state - Actions: 5, Hypotheses: 3
Available action IDs: ['act_audit_cron', 'act_traffic_shaping', 'act_quarantine_web', 'act_deep_forensics', 'act_focused_attack_web_server']
  [PASS] defender_campaign ├ù linux_privesc ΓÇö has unique scenario name: 'Operation: Glass Ceiling'
Initial state - Actions: 4, Hypotheses: 1
Available action IDs: ['act_fuzz_all', 'act_bypass_controls', 'act_overload_backend', 'act_focused_attack_web_server']
  [PASS] playground ├ù linux_privesc ΓÇö has unique scenario name: 'Operation: Glass Ceiling'
Initial state - Actions: 5, Hypotheses: 3
Available action IDs: ['act_map_boundaries', 'act_trigger_exception', 'act_corrupt_session', 'act_observe_signals', 'act_focused_attack_web_server']
  [PASS] guided_simulation ├ù network_breach ΓÇö has unique scenario name: 'Operation: Silent Echo'
Initial state - Actions: 5, Hypotheses: 3
Available action IDs: ['act_slow_drip', 'act_identify_outliers', 'act_noise_flood', 'act_execution_jump', 'act_focused_attack_web_server']
  [PASS] attacker_campaign ├ù network_breach ΓÇö has unique scenario name: 'Operation: Silent Echo'
Initial state - Actions: 5, Hypotheses: 3
Available action IDs: ['act_audit_cron', 'act_traffic_shaping', 'act_quarantine_web', 'act_deep_forensics', 'act_focused_attack_web_server']
  [PASS] defender_campaign ├ù network_breach ΓÇö has unique scenario name: 'Operation: Silent Echo'
Initial state - Actions: 4, Hypotheses: 1
Available action IDs: ['act_fuzz_all', 'act_bypass_controls', 'act_overload_backend', 'act_focused_attack_web_server']
  [PASS] playground ├ù network_breach ΓÇö has unique scenario name: 'Operation: Silent Echo'

======================================================================
SUMMARY
======================================================================
  PASSED:   44
  WARNINGS: 3
  FAILED:   1

  Issues found (4):
    1. WARN: attacker_campaign ├ù level_0_tutorial ΓÇö expected victory, got 'active'
    2. WARN: defender_campaign ├ù level_0_tutorial ΓÇö expected victory, got 'active'
    3. WARN: playground ├ù level_0_tutorial ΓÇö expected victory, got 'active'
    4. FAIL: attacker_campaign ├ù input_trust_failures ΓÇö expected terminal state, got 'active'

  RESULT: SOME TESTS FAILED
